Category: 📺央视频道, Name: CCTV-2, Total: 12, Valid: 12, Valid Percent: 100.00%, Whitelist: 0, IPv4: 12, IPv6: 0, Min Delay: 295 ms, Max Speed: 3.19 M/s, Avg Speed: 2.82 M/s, Max Resolution: 1920x1080
Category: 📺央视频道, Name: CCTV-3, Total: 12, Valid: 10, Valid Percent: 83.33%, Whitelist: 0, IPv4: 12, IPv6: 0, Min Delay: 75 ms, Max Speed: 72.47 M/s, Avg Speed: 31.07 M/s, Max Resolution: 1920x1080
Category: 📺央视频道, Name: CCTV-4, Total: 13, Valid: 13, Valid Percent: 100.00%, Whitelist: 0, IPv4: 13, IPv6: 0, Min Delay: 75 ms, Max Speed: 72.47 M/s, Avg Speed: 29.75 M/s, Max Resolution: 1920x1080
Category: 📺央视频道, Name: CCTV-5, Total: 25, Valid: 24, Valid Percent: 96.00%, Whitelist: 0, IPv4: 25, IPv6: 0, Min Delay: 75 ms, Max Speed: 72.47 M/s, Avg Speed: 17.79 M/s, Max Resolution: 1920x1080
Category: 📺央视频道, Name: CCTV-5+, Total: 6, Valid: 6, Valid Percent: 100.00%, Whitelist: 0, IPv4: 6, IPv6: 0, Min Delay: 269 ms, Max Speed: 8.58 M/s, Avg Speed: 4.10 M/s, Max Resolution: 1920x1080
Category: 📺央视频道, Name: CCTV-6, Total: 24, Valid: 23, Valid Percent: 95.83%, Whitelist: 0, IPv4: 24, IPv6: 0, Min Delay: 75 ms, Max Speed: 72.47 M/s, Avg Speed: 25.19 M/s, Max Resolution: 1920x1080
Category: 📺央视频道, Name: CCTV-7, Total: 21, Valid: 20, Valid Percent: 95.24%, Whitelist: 0, IPv4: 21, IPv6: 0, Min Delay: 75 ms, Max Speed: 72.47 M/s, Avg Speed: 28.05 M/s, Max Resolution: 1920x1080
Category: 📺央视频道, Name: CCTV-8, Total: 25, Valid: 24, Valid Percent: 96.00%, Whitelist: 0, IPv4: 25, IPv6: 0, Min Delay: 75 ms, Max Speed: 72.47 M/s, Avg Speed: 21.42 M/s, Max Resolution: 1920x1080
Category: 📺央视频道, Name: CCTV-9, Total: 24, Valid: 23, Valid Percent: 95.83%, Whitelist: 0, IPv4: 24, IPv6: 0, Min Delay: 75 ms, Max Speed: 72.47 M/s, Avg Speed: 24.64 M/s, Max Resolution: 1920x1080
Category: 📺央视频道, Name: CCTV-10, Total: 27, Valid: 26, Valid Percent: 96.30%, Whitelist: 0, IPv4: 27, IPv6: 0, Min Delay: 75 ms, Max Speed: 72.47 M/s, Avg Speed: 21.82 M/s, Max Resolution: 1920x1080
Category: 📺央视频道, Name: CCTV-11, Total: 20, Valid: 19, Valid Percent: 95.00%, Whitelist: 0, IPv4: 20, IPv6: 0, Min Delay: 75 ms, Max Speed: 72.47 M/s, Avg Speed: 25.78 M/s, Max Resolution: 1920x1080
Category: 📺央视频道, Name: CCTV-12, Total: 21, Valid: 20, Valid Percent: 95.24%, Whitelist: 0, IPv4: 21, IPv6: 0, Min Delay: 75 ms, Max Speed: 72.47 M/s, Avg Speed: 28.11 M/s, Max Resolution: 1920x1080
Category: 📺央视频道, Name: CCTV-13, Total: 23, Valid: 22, Valid Percent: 95.65%, Whitelist: 0, IPv4: 19, IPv6: 4, Min Delay: 75 ms, Max Speed: 72.47 M/s, Avg Speed: 25.17 M/s, Max Resolution: 1920x1080
Category: 📺央视频道, Name: CCTV-14, Total: 26, Valid: 25, Valid Percent: 96.15%, Whitelist: 0, IPv4: 23, IPv6: 3, Min Delay: 75 ms, Max Speed: 72.47 M/s, Avg Speed: 22.83 M/s, Max Resolution: 1920x1080
Category: 📺央视频道, Name: CCTV-15, Total: 23, Valid: 22, Valid Percent: 95.65%, Whitelist: 0, IPv4: 23, IPv6: 0, Min Delay: 75 ms, Max Speed: 72.47 M/s, Avg Speed: 25.82 M/s, Max Resolution: 1920x1080
Category: 📺央视频道, Name: CCTV-16, Total: 18, Valid: 18, Valid Percent: 100.00%, Whitelist: 0, IPv4: 18, IPv6: 0, Min Delay: 75 ms, Max Speed: 72.47 M/s, Avg Speed: 19.25 M/s, Max Resolution: 1920x1080
Category: 📺央视频道, Name: CCTV-17, Total: 20, Valid: 20, Valid Percent: 100.00%, Whitelist: 0, IPv4: 20, IPv6: 0, Min Delay: 75 ms, Max Speed: 72.47 M/s, Avg Speed: 28.11 M/s, Max Resolution: 1920x1080
Category: 📡卫视频道, Name: 广东卫视, Total: 14, Valid: 13, Valid Percent: 92.86%, Whitelist: 0, IPv4: 14, IPv6: 0, Min Delay: 75 ms, Max Speed: 72.47 M/s, Avg Speed: 35.78 M/s, Max Resolution: 1920x1080
Category: 📡卫视频道, Name: 浙江卫视, Total: 20, Valid: 20, Valid Percent: 100.00%, Whitelist: 0, IPv4: 20, IPv6: 0, Min Delay: 75 ms, Max Speed: 72.47 M/s, Avg Speed: 23.70 M/s, Max Resolution: 1920x1080
Category: 📡卫视频道, Name: 湖南卫视, Total: 28, Valid: 27, Valid Percent: 96.43%, Whitelist: 0, IPv4: 26, IPv6: 2, Min Delay: 6 ms, Max Speed: 72.47 M/s, Avg Speed: 24.94 M/s, Max Resolution: 3840x2160
Category: 📡卫视频道, Name: 北京卫视, Total: 19, Valid: 18, Valid Percent: 94.74%, Whitelist: 0, IPv4: 19, IPv6: 0, Min Delay: 6 ms, Max Speed: 72.47 M/s, Avg Speed: 31.28 M/s, Max Resolution: 1920x1080
Category: 📡卫视频道, Name: 湖北卫视, Total: 17, Valid: 16, Valid Percent: 94.12%, Whitelist: 0, IPv4: 17, IPv6: 0, Min Delay: 6 ms, Max Speed: 72.47 M/s, Avg Speed: 35.14 M/s, Max Resolution: 1920x1080
Category: 📡卫视频道, Name: 黑龙江卫视, Total: 16, Valid: 15, Valid Percent: 93.75%, Whitelist: 0, IPv4: 16, IPv6: 0, Min Delay: 6 ms, Max Speed: 72.47 M/s, Avg Speed: 37.29 M/s, Max Resolution: 1920x1080
Category: 📡卫视频道, Name: 安徽卫视, Total: 17, Valid: 16, Valid Percent: 94.12%, Whitelist: 0, IPv4: 17, IPv6: 0, Min Delay: 75 ms, Max Speed: 72.47 M/s, Avg Speed: 34.22 M/s, Max Resolution: 1920x1080
Category: 📡卫视频道, Name: 重庆卫视, Total: 18, Valid: 17, Valid Percent: 94.44%, Whitelist: 0, IPv4: 18, IPv6: 0, Min Delay: 6 ms, Max Speed: 72.47 M/s, Avg Speed: 37.34 M/s, Max Resolution: 1920x1080
Category: 📡卫视频道, Name: 东方卫视, Total: 21, Valid: 20, Valid Percent: 95.24%, Whitelist: 0, IPv4: 21, IPv6: 0, Min Delay: 75 ms, Max Speed: 72.47 M/s, Avg Speed: 31.32 M/s, Max Resolution: 1920x1080
Category: 📡卫视频道, Name: 东南卫视, Total: 18, Valid: 17, Valid Percent: 94.44%, Whitelist: 0, IPv4: 17, IPv6: 1, Min Delay: 75 ms, Max Speed: 72.47 M/s, Avg Speed: 40.23 M/s, Max Resolution: 3840x2160
Category: 📡卫视频道, Name: 甘肃卫视, Total: 11, Valid: 11, Valid Percent: 100.00%, Whitelist: 0, IPv4: 11, IPv6: 0, Min Delay: 75 ms, Max Speed: 72.47 M/s, Avg Speed: 47.59 M/s, Max Resolution: 1920x1080
Category: 📡卫视频道, Name: 广西卫视, Total: 17, Valid: 15, Valid Percent: 88.24%, Whitelist: 0, IPv4: 17, IPv6: 0, Min Delay: 75 ms, Max Speed: 72.47 M/s, Avg Speed: 45.31 M/s, Max Resolution: 1920x1080
Category: 📡卫视频道, Name: 贵州卫视, Total: 18, Valid: 17, Valid Percent: 94.44%, Whitelist: 0, IPv4: 18, IPv6: 0, Min Delay: 75 ms, Max Speed: 72.47 M/s, Avg Speed: 44.66 M/s, Max Resolution: 1920x1080
Category: 📡卫视频道, Name: 海南卫视, Total: 11, Valid: 11, Valid Percent: 100.00%, Whitelist: 0, IPv4: 11, IPv6: 0, Min Delay: 6 ms, Max Speed: 72.47 M/s, Avg Speed: 48.38 M/s, Max Resolution: 1920x1080
Category: 📡卫视频道, Name: 河北卫视, Total: 19, Valid: 18, Valid Percent: 94.74%, Whitelist: 0, IPv4: 19, IPv6: 0, Min Delay: 6 ms, Max Speed: 72.47 M/s, Avg Speed: 39.29 M/s, Max Resolution: 1920x1080
Category: 📡卫视频道, Name: 河南卫视, Total: 20, Valid: 19, Valid Percent: 95.00%, Whitelist: 0, IPv4: 20, IPv6: 0, Min Delay: 75 ms, Max Speed: 72.47 M/s, Avg Speed: 40.26 M/s, Max Resolution: 1920x1080
Category: 📡卫视频道, Name: 吉林卫视, Total: 14, Valid: 13, Valid Percent: 92.86%, Whitelist: 0, IPv4: 14, IPv6: 0, Min Delay: 75 ms, Max Speed: 72.47 M/s, Avg Speed: 36.10 M/s, Max Resolution: 1920x1080
Category: 📡卫视频道, Name: 江苏卫视, Total: 19, Valid: 18, Valid Percent: 94.74%, Whitelist: 0, IPv4: 19, IPv6: 0, Min Delay: 75 ms, Max Speed: 72.47 M/s, Avg Speed: 30.53 M/s, Max Resolution: 1920x1080
Category: 📡卫视频道, Name: 江西卫视, Total: 16, Valid: 15, Valid Percent: 93.75%, Whitelist: 0, IPv4: 16, IPv6: 0, Min Delay: 6 ms, Max Speed: 72.47 M/s, Avg Speed: 37.29 M/s, Max Resolution: 1920x1080
Category: 📡卫视频道, Name: 辽宁卫视, Total: 17, Valid: 16, Valid Percent: 94.12%, Whitelist: 0, IPv4: 17, IPv6: 0, Min Delay: 75 ms, Max Speed: 72.47 M/s, Avg Speed: 38.57 M/s, Max Resolution: 1920x1080
Category: 📡卫视频道, Name: 内蒙古卫视, Total: 16, Valid: 14, Valid Percent: 87.50%, Whitelist: 0, IPv4: 16, IPv6: 0, Min Delay: 6 ms, Max Speed: 72.47 M/s, Avg Speed: 29.59 M/s, Max Resolution: 1920x1080
Category: 📡卫视频道, Name: 宁夏卫视, Total: 13, Valid: 13, Valid Percent: 100.00%, Whitelist: 0, IPv4: 13, IPv6: 0, Min Delay: 75 ms, Max Speed: 72.47 M/s, Avg Speed: 36.19 M/s, Max Resolution: 1920x1080
Category: 📡卫视频道, Name: 青海卫视, Total: 19, Valid: 18, Valid Percent: 94.74%, Whitelist: 0, IPv4: 17, IPv6: 2, Min Delay: 6 ms, Max Speed: 72.47 M/s, Avg Speed: 35.19 M/s, Max Resolution: 1920x1080
Category: 📡卫视频道, Name: 山东卫视, Total: 20, Valid: 18, Valid Percent: 90.00%, Whitelist: 0, IPv4: 20, IPv6: 0, Min Delay: 75 ms, Max Speed: 72.47 M/s, Avg Speed: 30.48 M/s, Max Resolution: 1920x1080
Category: 📡卫视频道, Name: 山西卫视, Total: 12, Valid: 12, Valid Percent: 100.00%, Whitelist: 0, IPv4: 12, IPv6: 0, Min Delay: 6 ms, Max Speed: 72.47 M/s, Avg Speed: 34.37 M/s, Max Resolution: 1920x1080
Category: 📡卫视频道, Name: 陕西卫视, Total: 12, Valid: 12, Valid Percent: 100.00%, Whitelist: 0, IPv4: 12, IPv6: 0, Min Delay: 6 ms, Max Speed: 72.47 M/s, Avg Speed: 22.70 M/s, Max Resolution: 1920x1080
Category: 📡卫视频道, Name: 四川卫视, Total: 21, Valid: 19, Valid Percent: 90.48%, Whitelist: 0, IPv4: 20, IPv6: 1, Min Delay: 6 ms, Max Speed: 72.47 M/s, Avg Speed: 41.00 M/s, Max Resolution: 3840x2160
Category: 📡卫视频道, Name: 深圳卫视, Total: 18, Valid: 18, Valid Percent: 100.00%, Whitelist: 0, IPv4: 18, IPv6: 0, Min Delay: 75 ms, Max Speed: 72.47 M/s, Avg Speed: 30.42 M/s, Max Resolution: 1920x1080
Category: 📡卫视频道, Name: 三沙卫视, Total: 11, Valid: 11, Valid Percent: 100.00%, Whitelist: 0, IPv4: 11, IPv6: 0, Min Delay: 75 ms, Max Speed: 72.47 M/s, Avg Speed: 41.74 M/s, Max Resolution: 1920x1080
Category: 📡卫视频道, Name: 天津卫视, Total: 17, Valid: 17, Valid Percent: 100.00%, Whitelist: 0, IPv4: 17, IPv6: 0, Min Delay: 75 ms, Max Speed: 72.47 M/s, Avg Speed: 27.54 M/s, Max Resolution: 1920x1080
Category: 📡卫视频道, Name: 西藏卫视, Total: 14, Valid: 13, Valid Percent: 92.86%, Whitelist: 0, IPv4: 12, IPv6: 2, Min Delay: 6 ms, Max Speed: 72.47 M/s, Avg Speed: 31.13 M/s, Max Resolution: 1920x1080
Category: 📡卫视频道, Name: 新疆卫视, Total: 15, Valid: 15, Valid Percent: 100.00%, Whitelist: 0, IPv4: 14, IPv6: 1, Min Delay: 6 ms, Max Speed: 72.47 M/s, Avg Speed: 27.67 M/s, Max Resolution: 1920x1080
Category: 📡卫视频道, Name: 云南卫视, Total: 21, Valid: 19, Valid Percent: 90.48%, Whitelist: 0, IPv4: 20, IPv6: 1, Min Delay: 75 ms, Max Speed: 72.47 M/s, Avg Speed: 36.19 M/s, Max Resolution: 1920x1080
